#Various random forums

#https://bbs.archlinux.org/viewtopic.php?id=249553
#https://forum.ubuntuusers.de/topic/ubuntu-lst-18-04-newbie/
#https://forum.xda-developers.com/showthread.php?t=2326393
#https://forum.xda-developers.com/android/software/tool-tool-one-driversunlocktwrpfactory-t3358711
#https://forum.xda-developers.com/android/software/tool-tool-one-driversunlocktwrpfactory-t3358711/page11
#https://forums.aws.amazon.com/thread.jspa?threadID=310713&tstart=0
#https://forums.aws.amazon.com/thread.jspa?threadID=309218&tstart=0
#https://forum.odroid.com/viewtopic.php?f=139&t=22170
#https://forum.odroid.com/viewtopic.php?f=139&t=19897

#Medical forums
#http://blog.angelman-asa.org/read.php?2,736
#https://community.scope.org.uk/discussion/57774/copd
#https://forums.maladiesraresinfo.org/post11011.html#p11011
#https://healthunlocked.com/parkinsonsmovement/posts/142058845/artane-anyone
#https://myparkinsons.org/cgi-bin/forum/topic_show.pl?id=5231
#https://shift.ms/topic/cbd-oil-11
#https://www.amsel.de/multiple-sklerose-forum/?tnr=1&mnr=217239&archiv_flag=2&fv=1
#https://www.medhelp.org/posts/Heart-Disease/Wolfe-Parkinson-White-Syndrome/show/250747
#https://www.medschat.com/Discuss/how-important-is-this-medician-G-E-Sulfamethoxazole-TMP-DS-Tabitp-to-take-due-to-COPD-206090.htm?srcq=copd
#https://www.msconnection.org/Discussions/f33/t77364/tp1/How-long-is-too-long-to-wait-for-an-initial-con
#https://www.msworld.org/forum/showthread.php?145403-Sort-of-new-here
#https://www.mumsnet.com/Talk/pregnancy/3749275-Pregnant-with-a-black-mixed-race-with-black-baby
#http://www.paradisi.de/Health_und_Ernaehrung/Erkrankungen/Parkinson/Forum/120167.php
#http://www.paradisi.de/Health_und_Ernaehrung/Erkrankungen/Parkinson/Forum/186517.php
#http://www.paradisi.de/Health_und_Ernaehrung/Erkrankungen/Parkinson/Forum/94574.php

#Random Forums from https://en.wikipedia.org/wiki/List_of_Internet_forums

#https://www.airliners.net/forum/viewtopic.php?f=3&t=1437935
#https://www.airliners.net/forum/viewtopic.php?f=3&t=1428699
#https://bpdfamily.com/message_board/index.php?topic=343886.0
#https://bpdfamily.com/message_board/index.php?topic=344165.0
#https://talk.collegeconfidential.com/student-here-ask-me-anything/2183693-got-into-nyu-pre-med-intention-ask-me-anything.html
#https://talk.collegeconfidential.com/ivy-league/2184314-application-to-ivy-leagues.html
#http://forum.ebaumsworld.com/viewtopic.php?f=14&t=42095&start=470
#http://forum.ebaumsworld.com/viewtopic.php?f=14&t=78519
#https://www.fanfiction.net/topic/146535/168685925/1/The-OC-Creation-and-Minor-Character-Information-Topic
#https://www.fanfiction.net/topic/146535/108548484/1/The-About-the-World-Topic
#https://www.gtplanet.net/forum/threads/f1-2018-general-discussion.378195/
#https://www.gtplanet.net/forum/threads/historic-cars-in-f1-2018-feel-slugish.387294/
#https://kiwifarms.net/threads/deviantart-horrors.2366/
#https://kiwifarms.net/threads/the-twitter-pedo-hunter-loli-crusader-community.64404/
#https://forums.macrumors.com/threads/se-or-11.2231616/
#https://forums.macrumors.com/threads/x-vs-8.2183765/
#https://forums.moneysavingexpert.com/discussion/5567669/unsure-whether-to-consolidate-please-advise
#https://forums.moneysavingexpert.com/discussion/6100693/how-do-0-credit-card-balances-work-when-you-have-borrowed-twice
#https://www.nairaland.com/5813456/how-snakes-get-into-toilet
#https://www.nairaland.com/5812914/akeredolu-rejects-plot-impeach-deputy
#https://forum.nationstates.net/viewtopic.php?f=4&t=170098
#https://forum.nationstates.net/viewtopic.php?f=12&t=419
#https://www.neowin.net/forum/topic/1393830-hello-everyone/
#https://www.neowin.net/forum/topic/1391546-hello-im-dion/
#https://www.pistonheads.com/gassing/topic.asp?h=0&f=239&t=1858583
#https://www.pistonheads.com/gassing/topic.asp?h=0&f=156&t=1866139
#http://skyscraperpage.com/forum/showthread.php?t=242327
#http://skyscraperpage.com/forum/showthread.php?t=242165
#https://forums.sherdog.com/threads/all-time-goat-poll.3916359/
#https://forums.sherdog.com/threads/free-fight-nick-diaz-debut.4102395/


#http://www.beliebte-foren.de/

#https://www.computerbase.de/forum/threads/ram-upgrade-auf-32-gb-fuer-3700x.1940201/
#https://www.computerbase.de/forum/threads/ram-empfehlung-fuer-ryzen.1940441/
#https://proxer.me/forum/142-anime/386798-kann-keine-anime-mehr-abspielen
#https://proxer.me/forum/213-allgemein/386665-grammatikfehler-auf-der-seite
#http://www.hifi-forum.de/viewthread-84-87.html
#http://www.hifi-forum.de/viewthread-84-29928.html
#https://www.android-hilfe.de/forum/samsung-allgemein.423/faq-diskussion-zum-kauf-samsung-galaxy-s10-s10e-s10-snapdragon-variante.904645.html
#https://www.android-hilfe.de/forum/samsung-galaxy-s10-s10-s10e-s10-5g.3478/samsung-galaxy-s10e-s10-s10-zeigt-her-eure-homescreens.905512.html
#https://www.drwindows.de/windows-7-allgemein/16340-zufall-entdeckte-problemlsungen.html
#https://www.drwindows.de/windows-7-allgemein/167371-windows-7-dvd-iso-datei-umwandel.html
#https://www.dslr-forum.de/showthread.php?t=1847412
#https://www.dslr-forum.de/showthread.php?t=2016951
#https://forum.mein-schoener-garten.de/viewtopic.php?f=1&t=4825193&sid=0e26c5b6c7cd9b067a6a5dc32896eebb
#https://forum.mein-schoener-garten.de/viewtopic.php?f=1&t=4829305&sid=0e26c5b6c7cd9b067a6a5dc32896eebb
#https://www.med1.de/forum/beruf-alltag-und-umwelt/corona-eine-gehypde-apokalypse-972190/
#https://www.med1.de/forum/blut-gefaesse-herz-lunge/sauerstoffsaettigung-nachts-969551/
#https://forum.digitalfernsehen.de/threads/df-hilferuf.416785/
#https://forum.digitalfernsehen.de/threads/erneuerbare-energie.413489/
#https://www.juraforum.de/forum/t/bettlaegerige-person-ohne-pflege-aus-krankenhaus-entlassen.678903/
#https://www.juraforum.de/forum/t/fahrtkostenerstattung-bei-falschen-rezepten.675629/
#https://www.musiker-board.de/threads/baubericht-0-14-ital-fichte-palisander.689167/
#https://www.musiker-board.de/threads/kopfplattenbruch-reparatur-lakewood-m48-custom.706841/
#https://forum.worldofplayers.de/forum/threads/1553036-Wie-aufwendig-ist-die-Arbeit-mit-vBulletin
#https://forum.worldofplayers.de/forum/threads/1548322-Welchen-Blog-benutzt-man-in-2020
#https://www.klamm.de/forum/f42/klamm-treff-jeder-lernt-die-stadt-von-jedem-kennen-327507.html
#https://www.klamm.de/forum/f42/conventioncamp-in-hannover-341612.html
#https://uhrforum.de/threads/der-yema-fotothread-und-nicht-nur-das.414009/
#https://uhrforum.de/threads/schachtel-fuer-mauthe-nr-50-322.432114/
#https://www.wohnmobilforum.de/w-t141583.html
#https://www.wohnmobilforum.de/w-t141863.html
#https://forum.glamour.de/t/nebenwirkungen-aknenormin/345148/2
#https://forum.glamour.de/t/designertaschen-laber-laber/18136


#Top forum examples from https://www.wpressblog.com/free-forum-posting-sites-list/

#https://www.cnet.com/forums/discussions/welcome-to-the-digital-camera-forum-315232/
#https://www.cnet.com/forums/discussions/select-camera/
#https://forum.wordreference.com/threads/attuned-to-the-reiki-symbols.3691417/
#https://forum.wordreference.com/threads/adding-accent-marks-accent-marks-are-mandatory-in-french.557434/
#https://forum.utorrent.com/topic/86747-help-us-build-the-next-great-bittorrent-product/
#https://forum.utorrent.com/topic/23012-check-on-startup/
#https://forum.xda-developers.com/showthread.php?t=2326393
#https://forum.xda-developers.com/android/software/tool-tool-one-driversunlocktwrpfactory-t3358711
#https://us.forums.blizzard.com/en/wow/t/layers-and-character-creation-adjustments-on-select-realms/499760
#https://us.forums.blizzard.com/en/wow/t/can-i-transfer-back-to-locked-server-if-i-have-existing-character/505388
#https://forum.videolan.org/viewtopic.php?f=14&t=92075
#https://forum.videolan.org/viewtopic.php?f=14&t=145604
#https://community.kaspersky.com/kaspersky-security-cloud-11/rootkit-scan-not-executed-6849
#https://community.kaspersky.com/kaspersky-security-cloud-11/portuguese-in-free-version-8313
#https://forum.statcounter.com/threads/custom-tags-examples.44340/
#https://forum.statcounter.com/threads/best-android-apps-in-uk-2019.79812/
#https://forums.futura-sciences.com/annonces-officielles/78761-moderateurs.html
#https://forums.futura-sciences.com/annonces-officielles/12735-latex-debarque-fsg-explications-mode-demploi.html
#https://forum.openoffice.org/en/forum/viewtopic.php?f=5&t=63160
#https://forum.openoffice.org/en/forum/viewtopic.php?f=5&t=82202
#https://community.bitdefender.com/en/discussion/82059/i-noticed-that-the-bitdefender-process-can-be-easily-killed
#https://community.bitdefender.com/en/discussion/81455/how-to-disable-notification






