https://www.android-hilfe.de/forum/samsung-allgemein.423/faq-diskussion-zum-kauf-samsung-galaxy-s10-s10e-s10-snapdragon-variante.904645.html
https://www.android-hilfe.de/forum/samsung-galaxy-s10-s10-s10e-s10-5g.3478/samsung-galaxy-s10e-s10-s10-zeigt-her-eure-homescreens.905512.html
http://www.paradisi.de/Health_und_Ernaehrung/Erkrankungen/Parkinson/Forum/120167.php
http://www.paradisi.de/Health_und_Ernaehrung/Erkrankungen/Parkinson/Forum/186517.php
http://www.paradisi.de/Health_und_Ernaehrung/Erkrankungen/Parkinson/Forum/94574.php
#https://forum.xda-developers.com/showthread.php?t=2326393
#https://forum.xda-developers.com/android/software/tool-tool-one-driversunlocktwrpfactory-t3358711
#https://forum.xda-developers.com/android/software/tool-tool-one-driversunlocktwrpfactory-t3358711/page11
#https://forums.aws.amazon.com/thread.jspa?threadID=310713&tstart=0
#https://forums.aws.amazon.com/thread.jspa?threadID=309218&tstart=0
https://forum.odroid.com/viewtopic.php?f=139&t=22170
https://forum.odroid.com/viewtopic.php?f=139&t=19897

